// Jest Snapshot v1, https://goo.gl/fbAQLP

exports[`snapshot 1`] = `
<View
  style={
    Array [
      Object {
        "height": 40,
        "width": 40,
      },
      Object {
        "backgroundColor": "#b98661",
      },
    ]
  }
/>
`;
